# JMH version: 1.37
# VM version: JDK 17.0.15, OpenJDK 64-Bit Server VM, 17.0.15+0
# VM invoker: /opt/homebrew/Cellar/openjdk@17/17.0.15/libexec/openjdk.jdk/Contents/Home/bin/java
# VM options: -Xms512m -Xmx512m -Dapi.version=1.44 -Dorg.slf4j.simpleLogger.defaultLogLevel=warn
# Blackhole mode: compiler (auto-detected, use -Djmh.blackhole.autoDetect=false to disable)
# Warmup: 5 iterations, 1 s each
# Measurement: 5 iterations, 1 s each
# Timeout: 10 min per iteration
# Threads: 1 thread, will synchronize iterations
# Benchmark mode: Average time, time/op
# Benchmark: io.github.ym0506.routecontract.examples.firstproject.ObserverCostBenchmark.queryAndAssert
# Parameters: (condition = absent, query = equality)

# Run progress: 0.00% complete, ETA 00:00:20
# Fork: 1 of 1
# Warmup Iteration   1: [INFO] MultiKeyMap stripe configuration: 32 locks for 12 cores
OBSERVER_COST_PREFLIGHT condition=absent query=equality classPresent=false providerCount=0 business=PASS
682.742 us/op
# Warmup Iteration   2: 350.122 us/op
# Warmup Iteration   3: 333.957 us/op
# Warmup Iteration   4: 254.763 us/op
# Warmup Iteration   5: 218.794 us/op
Iteration   1: 213.266 us/op
                 gc.alloc.rate:      276.434 MB/sec
                 gc.alloc.rate.norm: 61823.709 B/op
                 gc.count:           1.000 counts
                 gc.time:            3.000 ms

Iteration   2: 196.796 us/op
                 gc.alloc.rate:      294.102 MB/sec
                 gc.alloc.rate.norm: 60696.072 B/op
                 gc.count:           1.000 counts
                 gc.time:            3.000 ms

Iteration   3: 198.636 us/op
                 gc.alloc.rate:      289.352 MB/sec
                 gc.alloc.rate.norm: 60273.214 B/op
                 gc.count:           1.000 counts
                 gc.time:            4.000 ms

Iteration   4: 205.636 us/op
                 gc.alloc.rate:      279.496 MB/sec
                 gc.alloc.rate.norm: 60273.409 B/op
                 gc.count:           1.000 counts
                 gc.time:            3.000 ms

Iteration   5: 177.828 us/op
                 gc.alloc.rate:      210.677 MB/sec
                 gc.alloc.rate.norm: 60358.303 B/op
                 gc.count:           1.000 counts
                 gc.time:            3.000 ms



Result "io.github.ym0506.routecontract.examples.firstproject.ObserverCostBenchmark.queryAndAssert":
  198.433 ±(99.9%) 50.910 us/op [Average]
  (min, avg, max) = (177.828, 198.433, 213.266), stdev = 13.221
  CI (99.9%): [147.523, 249.343] (assumes normal distribution)

Secondary result "io.github.ym0506.routecontract.examples.firstproject.ObserverCostBenchmark.queryAndAssert:gc.alloc.rate":
  270.012 ±(99.9%) 130.668 MB/sec [Average]
  (min, avg, max) = (210.677, 270.012, 294.102), stdev = 33.934
  CI (99.9%): [139.344, 400.680] (assumes normal distribution)

Secondary result "io.github.ym0506.routecontract.examples.firstproject.ObserverCostBenchmark.queryAndAssert:gc.alloc.rate.norm":
  60684.941 ±(99.9%) 2541.488 B/op [Average]
  (min, avg, max) = (60273.214, 60684.941, 61823.709), stdev = 660.016
  CI (99.9%): [58143.453, 63226.430] (assumes normal distribution)

Secondary result "io.github.ym0506.routecontract.examples.firstproject.ObserverCostBenchmark.queryAndAssert:gc.count":
  5.000 ±(99.9%) 0.001 counts [Sum]
  (min, avg, max) = (1.000, 1.000, 1.000), stdev = 0.001
  CI (99.9%): [5.000, 5.000] (assumes normal distribution)

Secondary result "io.github.ym0506.routecontract.examples.firstproject.ObserverCostBenchmark.queryAndAssert:gc.time":
  16.000 ±(99.9%) 0.001 ms [Sum]
  (min, avg, max) = (3.000, 3.200, 4.000), stdev = 0.447
  CI (99.9%): [16.000, 16.000] (assumes normal distribution)


# JMH version: 1.37
# VM version: JDK 17.0.15, OpenJDK 64-Bit Server VM, 17.0.15+0
# VM invoker: /opt/homebrew/Cellar/openjdk@17/17.0.15/libexec/openjdk.jdk/Contents/Home/bin/java
# VM options: -Xms512m -Xmx512m -Dapi.version=1.44 -Dorg.slf4j.simpleLogger.defaultLogLevel=warn
# Blackhole mode: compiler (auto-detected, use -Djmh.blackhole.autoDetect=false to disable)
# Warmup: 5 iterations, 1 s each
# Measurement: 5 iterations, 1 s each
# Timeout: 10 min per iteration
# Threads: 1 thread, will synchronize iterations
# Benchmark mode: Average time, time/op
# Benchmark: io.github.ym0506.routecontract.examples.firstproject.ObserverCostBenchmark.queryAndAssert
# Parameters: (condition = absent, query = range)

# Run progress: 50.00% complete, ETA 00:00:20
# Fork: 1 of 1
# Warmup Iteration   1: [INFO] MultiKeyMap stripe configuration: 32 locks for 12 cores
OBSERVER_COST_PREFLIGHT condition=absent query=range classPresent=false providerCount=0 business=PASS
669.155 us/op
# Warmup Iteration   2: 409.389 us/op
# Warmup Iteration   3: 331.433 us/op
# Warmup Iteration   4: 321.264 us/op
# Warmup Iteration   5: 295.038 us/op
Iteration   1: 294.196 us/op
                 gc.alloc.rate:      226.962 MB/sec
                 gc.alloc.rate.norm: 70021.715 B/op
                 gc.count:           ≈ 0 counts

Iteration   2: 308.137 us/op
                 gc.alloc.rate:      214.298 MB/sec
                 gc.alloc.rate.norm: 69246.923 B/op
                 gc.count:           1.000 counts
                 gc.time:            4.000 ms

Iteration   3: 261.663 us/op
                 gc.alloc.rate:      249.557 MB/sec
                 gc.alloc.rate.norm: 68476.174 B/op
                 gc.count:           1.000 counts
                 gc.time:            4.000 ms

Iteration   4: 269.943 us/op
                 gc.alloc.rate:      241.460 MB/sec
                 gc.alloc.rate.norm: 68350.825 B/op
                 gc.count:           1.000 counts
                 gc.time:            4.000 ms

Iteration   5: 248.809 us/op
                 gc.alloc.rate:      173.605 MB/sec
                 gc.alloc.rate.norm: 68472.733 B/op
                 gc.count:           1.000 counts
                 gc.time:            4.000 ms



Result "io.github.ym0506.routecontract.examples.firstproject.ObserverCostBenchmark.queryAndAssert":
  276.549 ±(99.9%) 93.214 us/op [Average]
  (min, avg, max) = (248.809, 276.549, 308.137), stdev = 24.207
  CI (99.9%): [183.336, 369.763] (assumes normal distribution)

Secondary result "io.github.ym0506.routecontract.examples.firstproject.ObserverCostBenchmark.queryAndAssert:gc.alloc.rate":
  221.176 ±(99.9%) 114.887 MB/sec [Average]
  (min, avg, max) = (173.605, 221.176, 249.557), stdev = 29.836
  CI (99.9%): [106.289, 336.064] (assumes normal distribution)

Secondary result "io.github.ym0506.routecontract.examples.firstproject.ObserverCostBenchmark.queryAndAssert:gc.alloc.rate.norm":
  68913.674 ±(99.9%) 2750.883 B/op [Average]
  (min, avg, max) = (68350.825, 68913.674, 70021.715), stdev = 714.396
  CI (99.9%): [66162.791, 71664.557] (assumes normal distribution)

Secondary result "io.github.ym0506.routecontract.examples.firstproject.ObserverCostBenchmark.queryAndAssert:gc.count":
  4.000 ±(99.9%) 0.001 counts [Sum]
  (min, avg, max) = (≈ 0, 0.800, 1.000), stdev = 0.447
  CI (99.9%): [4.000, 4.000] (assumes normal distribution)

Secondary result "io.github.ym0506.routecontract.examples.firstproject.ObserverCostBenchmark.queryAndAssert:gc.time":
  16.000 ±(99.9%) 0.001 ms [Sum]
  (min, avg, max) = (≈ 0, 3.200, 4.000), stdev = 1.789
  CI (99.9%): [16.000, 16.000] (assumes normal distribution)


# Run complete. Total time: 00:00:41

REMEMBER: The numbers below are just data. To gain reusable insights, you need to follow up on
why the numbers are the way they are. Use profilers (see -prof, -lprof), design factorial
experiments, perform baseline and negative tests that provide experimental control, make sure
the benchmarking environment is safe on JVM/OS/HW level, ask for reviews from the domain experts.
Do not assume the numbers tell you what you want them to tell.

NOTE: Current JVM experimentally supports Compiler Blackholes, and they are in use. Please exercise
extra caution when trusting the results, look into the generated code to check the benchmark still
works, and factor in a small probability of new VM bugs. Additionally, while comparisons between
different JVMs are already problematic, the performance difference caused by different Blackhole
modes can be very significant. Please make sure you use the consistent Blackhole mode for comparisons.

Benchmark                                                (condition)   (query)  Mode  Cnt      Score      Error   Units
ObserverCostBenchmark.queryAndAssert                          absent  equality  avgt    5    198.433 ±   50.910   us/op
ObserverCostBenchmark.queryAndAssert:gc.alloc.rate            absent  equality  avgt    5    270.012 ±  130.668  MB/sec
ObserverCostBenchmark.queryAndAssert:gc.alloc.rate.norm       absent  equality  avgt    5  60684.941 ± 2541.488    B/op
ObserverCostBenchmark.queryAndAssert:gc.count                 absent  equality  avgt    5      5.000             counts
ObserverCostBenchmark.queryAndAssert:gc.time                  absent  equality  avgt    5     16.000                 ms
ObserverCostBenchmark.queryAndAssert                          absent     range  avgt    5    276.549 ±   93.214   us/op
ObserverCostBenchmark.queryAndAssert:gc.alloc.rate            absent     range  avgt    5    221.176 ±  114.887  MB/sec
ObserverCostBenchmark.queryAndAssert:gc.alloc.rate.norm       absent     range  avgt    5  68913.674 ± 2750.883    B/op
ObserverCostBenchmark.queryAndAssert:gc.count                 absent     range  avgt    5      4.000             counts
ObserverCostBenchmark.queryAndAssert:gc.time                  absent     range  avgt    5     16.000                 ms

Benchmark result is saved to /private/tmp/routecontract-observer-cost-full-20260909/block-3-absent.json
