# JMH version: 1.37
# VM version: JDK 17.0.15, OpenJDK 64-Bit Server VM, 17.0.15+0
# VM invoker: /opt/homebrew/Cellar/openjdk@17/17.0.15/libexec/openjdk.jdk/Contents/Home/bin/java
# VM options: -Xms512m -Xmx512m -Dapi.version=1.44 -Dorg.slf4j.simpleLogger.defaultLogLevel=warn
# Blackhole mode: compiler (auto-detected, use -Djmh.blackhole.autoDetect=false to disable)
# Warmup: 5 iterations, 1 s each
# Measurement: 5 iterations, 1 s each
# Timeout: 10 min per iteration
# Threads: 1 thread, will synchronize iterations
# Benchmark mode: Average time, time/op
# Benchmark: io.github.ym0506.routecontract.examples.firstproject.ObserverCostBenchmark.queryAndAssert
# Parameters: (condition = idle, query = equality)

# Run progress: 0.00% complete, ETA 00:00:20
# Fork: 1 of 1
# Warmup Iteration   1: [INFO] MultiKeyMap stripe configuration: 32 locks for 12 cores
OBSERVER_COST_PREFLIGHT condition=idle query=equality classPresent=true providerCount=1 business=PASS
588.178 us/op
# Warmup Iteration   2: 284.451 us/op
# Warmup Iteration   3: 238.520 us/op
# Warmup Iteration   4: 209.762 us/op
# Warmup Iteration   5: 197.708 us/op
Iteration   1: 195.168 us/op
                 gc.alloc.rate:      291.975 MB/sec
                 gc.alloc.rate.norm: 59757.481 B/op
                 gc.count:           1.000 counts
                 gc.time:            5.000 ms

Iteration   2: 187.101 us/op
                 gc.alloc.rate:      300.519 MB/sec
                 gc.alloc.rate.norm: 58963.800 B/op
                 gc.count:           1.000 counts
                 gc.time:            5.000 ms

Iteration   3: 178.761 us/op
                 gc.alloc.rate:      311.935 MB/sec
                 gc.alloc.rate.norm: 58475.024 B/op
                 gc.count:           1.000 counts
                 gc.time:            4.000 ms

Iteration   4: 176.155 us/op
                 gc.alloc.rate:      316.494 MB/sec
                 gc.alloc.rate.norm: 58465.203 B/op
                 gc.count:           2.000 counts
                 gc.time:            8.000 ms

Iteration   5: 176.802 us/op
                 gc.alloc.rate:      214.994 MB/sec
                 gc.alloc.rate.norm: 58549.842 B/op
                 gc.count:           1.000 counts
                 gc.time:            5.000 ms



Result "io.github.ym0506.routecontract.examples.firstproject.ObserverCostBenchmark.queryAndAssert":
  182.797 ±(99.9%) 31.513 us/op [Average]
  (min, avg, max) = (176.155, 182.797, 195.168), stdev = 8.184
  CI (99.9%): [151.284, 214.311] (assumes normal distribution)

Secondary result "io.github.ym0506.routecontract.examples.firstproject.ObserverCostBenchmark.queryAndAssert:gc.alloc.rate":
  287.183 ±(99.9%) 159.742 MB/sec [Average]
  (min, avg, max) = (214.994, 287.183, 316.494), stdev = 41.484
  CI (99.9%): [127.442, 446.925] (assumes normal distribution)

Secondary result "io.github.ym0506.routecontract.examples.firstproject.ObserverCostBenchmark.queryAndAssert:gc.alloc.rate.norm":
  58842.270 ±(99.9%) 2122.178 B/op [Average]
  (min, avg, max) = (58465.203, 58842.270, 59757.481), stdev = 551.123
  CI (99.9%): [56720.092, 60964.448] (assumes normal distribution)

Secondary result "io.github.ym0506.routecontract.examples.firstproject.ObserverCostBenchmark.queryAndAssert:gc.count":
  6.000 ±(99.9%) 0.001 counts [Sum]
  (min, avg, max) = (1.000, 1.200, 2.000), stdev = 0.447
  CI (99.9%): [6.000, 6.000] (assumes normal distribution)

Secondary result "io.github.ym0506.routecontract.examples.firstproject.ObserverCostBenchmark.queryAndAssert:gc.time":
  27.000 ±(99.9%) 0.001 ms [Sum]
  (min, avg, max) = (4.000, 5.400, 8.000), stdev = 1.517
  CI (99.9%): [27.000, 27.000] (assumes normal distribution)


# JMH version: 1.37
# VM version: JDK 17.0.15, OpenJDK 64-Bit Server VM, 17.0.15+0
# VM invoker: /opt/homebrew/Cellar/openjdk@17/17.0.15/libexec/openjdk.jdk/Contents/Home/bin/java
# VM options: -Xms512m -Xmx512m -Dapi.version=1.44 -Dorg.slf4j.simpleLogger.defaultLogLevel=warn
# Blackhole mode: compiler (auto-detected, use -Djmh.blackhole.autoDetect=false to disable)
# Warmup: 5 iterations, 1 s each
# Measurement: 5 iterations, 1 s each
# Timeout: 10 min per iteration
# Threads: 1 thread, will synchronize iterations
# Benchmark mode: Average time, time/op
# Benchmark: io.github.ym0506.routecontract.examples.firstproject.ObserverCostBenchmark.queryAndAssert
# Parameters: (condition = idle, query = range)

# Run progress: 50.00% complete, ETA 00:00:20
# Fork: 1 of 1
# Warmup Iteration   1: [INFO] MultiKeyMap stripe configuration: 32 locks for 12 cores
OBSERVER_COST_PREFLIGHT condition=idle query=range classPresent=true providerCount=1 business=PASS
721.249 us/op
# Warmup Iteration   2: 375.872 us/op
# Warmup Iteration   3: 320.163 us/op
# Warmup Iteration   4: 302.258 us/op
# Warmup Iteration   5: 293.402 us/op
Iteration   1: 263.261 us/op
                 gc.alloc.rate:      254.580 MB/sec
                 gc.alloc.rate.norm: 70282.588 B/op
                 gc.count:           1.000 counts
                 gc.time:            4.000 ms

Iteration   2: 258.568 us/op
                 gc.alloc.rate:      256.103 MB/sec
                 gc.alloc.rate.norm: 69442.877 B/op
                 gc.count:           ≈ 0 counts

Iteration   3: 244.885 us/op
                 gc.alloc.rate:      267.465 MB/sec
                 gc.alloc.rate.norm: 68685.428 B/op
                 gc.count:           1.000 counts
                 gc.time:            4.000 ms

Iteration   4: 249.788 us/op
                 gc.alloc.rate:      262.023 MB/sec
                 gc.alloc.rate.norm: 68636.363 B/op
                 gc.count:           1.000 counts
                 gc.time:            4.000 ms

Iteration   5: 246.113 us/op
                 gc.alloc.rate:      180.659 MB/sec
                 gc.alloc.rate.norm: 68753.858 B/op
                 gc.count:           1.000 counts
                 gc.time:            4.000 ms



Result "io.github.ym0506.routecontract.examples.firstproject.ObserverCostBenchmark.queryAndAssert":
  252.523 ±(99.9%) 30.970 us/op [Average]
  (min, avg, max) = (244.885, 252.523, 263.261), stdev = 8.043
  CI (99.9%): [221.553, 283.493] (assumes normal distribution)

Secondary result "io.github.ym0506.routecontract.examples.firstproject.ObserverCostBenchmark.queryAndAssert:gc.alloc.rate":
  244.166 ±(99.9%) 138.111 MB/sec [Average]
  (min, avg, max) = (180.659, 244.166, 267.465), stdev = 35.867
  CI (99.9%): [106.055, 382.277] (assumes normal distribution)

Secondary result "io.github.ym0506.routecontract.examples.firstproject.ObserverCostBenchmark.queryAndAssert:gc.alloc.rate.norm":
  69160.223 ±(99.9%) 2725.939 B/op [Average]
  (min, avg, max) = (68636.363, 69160.223, 70282.588), stdev = 707.918
  CI (99.9%): [66434.284, 71886.161] (assumes normal distribution)

Secondary result "io.github.ym0506.routecontract.examples.firstproject.ObserverCostBenchmark.queryAndAssert:gc.count":
  4.000 ±(99.9%) 0.001 counts [Sum]
  (min, avg, max) = (≈ 0, 0.800, 1.000), stdev = 0.447
  CI (99.9%): [4.000, 4.000] (assumes normal distribution)

Secondary result "io.github.ym0506.routecontract.examples.firstproject.ObserverCostBenchmark.queryAndAssert:gc.time":
  16.000 ±(99.9%) 0.001 ms [Sum]
  (min, avg, max) = (≈ 0, 3.200, 4.000), stdev = 1.789
  CI (99.9%): [16.000, 16.000] (assumes normal distribution)


# Run complete. Total time: 00:00:40

REMEMBER: The numbers below are just data. To gain reusable insights, you need to follow up on
why the numbers are the way they are. Use profilers (see -prof, -lprof), design factorial
experiments, perform baseline and negative tests that provide experimental control, make sure
the benchmarking environment is safe on JVM/OS/HW level, ask for reviews from the domain experts.
Do not assume the numbers tell you what you want them to tell.

NOTE: Current JVM experimentally supports Compiler Blackholes, and they are in use. Please exercise
extra caution when trusting the results, look into the generated code to check the benchmark still
works, and factor in a small probability of new VM bugs. Additionally, while comparisons between
different JVMs are already problematic, the performance difference caused by different Blackhole
modes can be very significant. Please make sure you use the consistent Blackhole mode for comparisons.

Benchmark                                                (condition)   (query)  Mode  Cnt      Score      Error   Units
ObserverCostBenchmark.queryAndAssert                            idle  equality  avgt    5    182.797 ±   31.513   us/op
ObserverCostBenchmark.queryAndAssert:gc.alloc.rate              idle  equality  avgt    5    287.183 ±  159.742  MB/sec
ObserverCostBenchmark.queryAndAssert:gc.alloc.rate.norm         idle  equality  avgt    5  58842.270 ± 2122.178    B/op
ObserverCostBenchmark.queryAndAssert:gc.count                   idle  equality  avgt    5      6.000             counts
ObserverCostBenchmark.queryAndAssert:gc.time                    idle  equality  avgt    5     27.000                 ms
ObserverCostBenchmark.queryAndAssert                            idle     range  avgt    5    252.523 ±   30.970   us/op
ObserverCostBenchmark.queryAndAssert:gc.alloc.rate              idle     range  avgt    5    244.166 ±  138.111  MB/sec
ObserverCostBenchmark.queryAndAssert:gc.alloc.rate.norm         idle     range  avgt    5  69160.223 ± 2725.939    B/op
ObserverCostBenchmark.queryAndAssert:gc.count                   idle     range  avgt    5      4.000             counts
ObserverCostBenchmark.queryAndAssert:gc.time                    idle     range  avgt    5     16.000                 ms

Benchmark result is saved to /private/tmp/routecontract-observer-cost-full-20260909/block-1-idle.json
