# JMH version: 1.37
# VM version: JDK 17.0.15, OpenJDK 64-Bit Server VM, 17.0.15+0
# VM invoker: /opt/homebrew/Cellar/openjdk@17/17.0.15/libexec/openjdk.jdk/Contents/Home/bin/java
# VM options: -Xms512m -Xmx512m -Dapi.version=1.44 -Dorg.slf4j.simpleLogger.defaultLogLevel=warn
# Blackhole mode: compiler (auto-detected, use -Djmh.blackhole.autoDetect=false to disable)
# Warmup: 5 iterations, 1 s each
# Measurement: 5 iterations, 1 s each
# Timeout: 10 min per iteration
# Threads: 1 thread, will synchronize iterations
# Benchmark mode: Average time, time/op
# Benchmark: io.github.ym0506.routecontract.examples.firstproject.ObserverCostBenchmark.queryAndAssert
# Parameters: (condition = checked, query = equality)

# Run progress: 0.00% complete, ETA 00:00:20
# Fork: 1 of 1
# Warmup Iteration   1: [INFO] MultiKeyMap stripe configuration: 32 locks for 12 cores
OBSERVER_COST_PREFLIGHT condition=checked query=equality classPresent=true providerCount=1 business=PASS
779.736 us/op
# Warmup Iteration   2: 367.191 us/op
# Warmup Iteration   3: 277.320 us/op
# Warmup Iteration   4: 284.805 us/op
# Warmup Iteration   5: 229.169 us/op
Iteration   1: 214.812 us/op
                 gc.alloc.rate:      293.197 MB/sec
                 gc.alloc.rate.norm: 66048.052 B/op
                 gc.count:           1.000 counts
                 gc.time:            5.000 ms

Iteration   2: 199.854 us/op
                 gc.alloc.rate:      311.596 MB/sec
                 gc.alloc.rate.norm: 65304.748 B/op
                 gc.count:           1.000 counts
                 gc.time:            4.000 ms

Iteration   3: 194.447 us/op
                 gc.alloc.rate:      316.990 MB/sec
                 gc.alloc.rate.norm: 64639.158 B/op
                 gc.count:           1.000 counts
                 gc.time:            4.000 ms

Iteration   4: 190.412 us/op
                 gc.alloc.rate:      321.395 MB/sec
                 gc.alloc.rate.norm: 64177.364 B/op
                 gc.count:           1.000 counts
                 gc.time:            5.000 ms

Iteration   5: 188.509 us/op
                 gc.alloc.rate:      213.758 MB/sec
                 gc.alloc.rate.norm: 64267.562 B/op
                 gc.count:           1.000 counts
                 gc.time:            4.000 ms



Result "io.github.ym0506.routecontract.examples.firstproject.ObserverCostBenchmark.queryAndAssert":
  197.607 ±(99.9%) 40.641 us/op [Average]
  (min, avg, max) = (188.509, 197.607, 214.812), stdev = 10.554
  CI (99.9%): [156.966, 238.248] (assumes normal distribution)

Secondary result "io.github.ym0506.routecontract.examples.firstproject.ObserverCostBenchmark.queryAndAssert:gc.alloc.rate":
  291.387 ±(99.9%) 172.141 MB/sec [Average]
  (min, avg, max) = (213.758, 291.387, 321.395), stdev = 44.704
  CI (99.9%): [119.246, 463.528] (assumes normal distribution)

Secondary result "io.github.ym0506.routecontract.examples.firstproject.ObserverCostBenchmark.queryAndAssert:gc.alloc.rate.norm":
  64887.377 ±(99.9%) 3026.656 B/op [Average]
  (min, avg, max) = (64177.364, 64887.377, 66048.052), stdev = 786.013
  CI (99.9%): [61860.721, 67914.033] (assumes normal distribution)

Secondary result "io.github.ym0506.routecontract.examples.firstproject.ObserverCostBenchmark.queryAndAssert:gc.count":
  5.000 ±(99.9%) 0.001 counts [Sum]
  (min, avg, max) = (1.000, 1.000, 1.000), stdev = 0.001
  CI (99.9%): [5.000, 5.000] (assumes normal distribution)

Secondary result "io.github.ym0506.routecontract.examples.firstproject.ObserverCostBenchmark.queryAndAssert:gc.time":
  22.000 ±(99.9%) 0.001 ms [Sum]
  (min, avg, max) = (4.000, 4.400, 5.000), stdev = 0.548
  CI (99.9%): [22.000, 22.000] (assumes normal distribution)


# JMH version: 1.37
# VM version: JDK 17.0.15, OpenJDK 64-Bit Server VM, 17.0.15+0
# VM invoker: /opt/homebrew/Cellar/openjdk@17/17.0.15/libexec/openjdk.jdk/Contents/Home/bin/java
# VM options: -Xms512m -Xmx512m -Dapi.version=1.44 -Dorg.slf4j.simpleLogger.defaultLogLevel=warn
# Blackhole mode: compiler (auto-detected, use -Djmh.blackhole.autoDetect=false to disable)
# Warmup: 5 iterations, 1 s each
# Measurement: 5 iterations, 1 s each
# Timeout: 10 min per iteration
# Threads: 1 thread, will synchronize iterations
# Benchmark mode: Average time, time/op
# Benchmark: io.github.ym0506.routecontract.examples.firstproject.ObserverCostBenchmark.queryAndAssert
# Parameters: (condition = checked, query = range)

# Run progress: 50.00% complete, ETA 00:00:20
# Fork: 1 of 1
# Warmup Iteration   1: [INFO] MultiKeyMap stripe configuration: 32 locks for 12 cores
OBSERVER_COST_PREFLIGHT condition=checked query=range classPresent=true providerCount=1 business=PASS
779.940 us/op
# Warmup Iteration   2: 448.361 us/op
# Warmup Iteration   3: 362.332 us/op
# Warmup Iteration   4: 353.550 us/op
# Warmup Iteration   5: 305.365 us/op
Iteration   1: 290.294 us/op
                 gc.alloc.rate:      260.759 MB/sec
                 gc.alloc.rate.norm: 79382.219 B/op
                 gc.count:           1.000 counts
                 gc.time:            4.000 ms

Iteration   2: 266.329 us/op
                 gc.alloc.rate:      281.109 MB/sec
                 gc.alloc.rate.norm: 78512.579 B/op
                 gc.count:           1.000 counts
                 gc.time:            4.000 ms

Iteration   3: 259.747 us/op
                 gc.alloc.rate:      284.835 MB/sec
                 gc.alloc.rate.norm: 77587.038 B/op
                 gc.count:           1.000 counts
                 gc.time:            3.000 ms

Iteration   4: 261.241 us/op
                 gc.alloc.rate:      282.547 MB/sec
                 gc.alloc.rate.norm: 77406.018 B/op
                 gc.count:           1.000 counts
                 gc.time:            3.000 ms

Iteration   5: 243.634 us/op
                 gc.alloc.rate:      206.175 MB/sec
                 gc.alloc.rate.norm: 77516.165 B/op
                 gc.count:           1.000 counts
                 gc.time:            3.000 ms



Result "io.github.ym0506.routecontract.examples.firstproject.ObserverCostBenchmark.queryAndAssert":
  264.249 ±(99.9%) 64.920 us/op [Average]
  (min, avg, max) = (243.634, 264.249, 290.294), stdev = 16.859
  CI (99.9%): [199.329, 329.169] (assumes normal distribution)

Secondary result "io.github.ym0506.routecontract.examples.firstproject.ObserverCostBenchmark.queryAndAssert:gc.alloc.rate":
  263.085 ±(99.9%) 128.014 MB/sec [Average]
  (min, avg, max) = (206.175, 263.085, 284.835), stdev = 33.245
  CI (99.9%): [135.071, 391.098] (assumes normal distribution)

Secondary result "io.github.ym0506.routecontract.examples.firstproject.ObserverCostBenchmark.queryAndAssert:gc.alloc.rate.norm":
  78080.804 ±(99.9%) 3277.615 B/op [Average]
  (min, avg, max) = (77406.018, 78080.804, 79382.219), stdev = 851.186
  CI (99.9%): [74803.189, 81358.418] (assumes normal distribution)

Secondary result "io.github.ym0506.routecontract.examples.firstproject.ObserverCostBenchmark.queryAndAssert:gc.count":
  5.000 ±(99.9%) 0.001 counts [Sum]
  (min, avg, max) = (1.000, 1.000, 1.000), stdev = 0.001
  CI (99.9%): [5.000, 5.000] (assumes normal distribution)

Secondary result "io.github.ym0506.routecontract.examples.firstproject.ObserverCostBenchmark.queryAndAssert:gc.time":
  17.000 ±(99.9%) 0.001 ms [Sum]
  (min, avg, max) = (3.000, 3.400, 4.000), stdev = 0.548
  CI (99.9%): [17.000, 17.000] (assumes normal distribution)


# Run complete. Total time: 00:00:41

REMEMBER: The numbers below are just data. To gain reusable insights, you need to follow up on
why the numbers are the way they are. Use profilers (see -prof, -lprof), design factorial
experiments, perform baseline and negative tests that provide experimental control, make sure
the benchmarking environment is safe on JVM/OS/HW level, ask for reviews from the domain experts.
Do not assume the numbers tell you what you want them to tell.

NOTE: Current JVM experimentally supports Compiler Blackholes, and they are in use. Please exercise
extra caution when trusting the results, look into the generated code to check the benchmark still
works, and factor in a small probability of new VM bugs. Additionally, while comparisons between
different JVMs are already problematic, the performance difference caused by different Blackhole
modes can be very significant. Please make sure you use the consistent Blackhole mode for comparisons.

Benchmark                                                (condition)   (query)  Mode  Cnt      Score      Error   Units
ObserverCostBenchmark.queryAndAssert                         checked  equality  avgt    5    197.607 ±   40.641   us/op
ObserverCostBenchmark.queryAndAssert:gc.alloc.rate           checked  equality  avgt    5    291.387 ±  172.141  MB/sec
ObserverCostBenchmark.queryAndAssert:gc.alloc.rate.norm      checked  equality  avgt    5  64887.377 ± 3026.656    B/op
ObserverCostBenchmark.queryAndAssert:gc.count                checked  equality  avgt    5      5.000             counts
ObserverCostBenchmark.queryAndAssert:gc.time                 checked  equality  avgt    5     22.000                 ms
ObserverCostBenchmark.queryAndAssert                         checked     range  avgt    5    264.249 ±   64.920   us/op
ObserverCostBenchmark.queryAndAssert:gc.alloc.rate           checked     range  avgt    5    263.085 ±  128.014  MB/sec
ObserverCostBenchmark.queryAndAssert:gc.alloc.rate.norm      checked     range  avgt    5  78080.804 ± 3277.615    B/op
ObserverCostBenchmark.queryAndAssert:gc.count                checked     range  avgt    5      5.000             counts
ObserverCostBenchmark.queryAndAssert:gc.time                 checked     range  avgt    5     17.000                 ms

Benchmark result is saved to /private/tmp/routecontract-observer-cost-full-20260909/block-3-checked.json
