# JMH version: 1.37
# VM version: JDK 17.0.15, OpenJDK 64-Bit Server VM, 17.0.15+0
# VM invoker: /opt/homebrew/Cellar/openjdk@17/17.0.15/libexec/openjdk.jdk/Contents/Home/bin/java
# VM options: -Xms512m -Xmx512m -Dapi.version=1.44 -Dorg.slf4j.simpleLogger.defaultLogLevel=warn
# Blackhole mode: compiler (auto-detected, use -Djmh.blackhole.autoDetect=false to disable)
# Warmup: 5 iterations, 1 s each
# Measurement: 5 iterations, 1 s each
# Timeout: 10 min per iteration
# Threads: 1 thread, will synchronize iterations
# Benchmark mode: Average time, time/op
# Benchmark: io.github.ym0506.routecontract.examples.firstproject.ObserverCostBenchmark.queryAndAssert
# Parameters: (condition = absent, query = equality)

# Run progress: 0.00% complete, ETA 00:00:20
# Fork: 1 of 1
# Warmup Iteration   1: [INFO] MultiKeyMap stripe configuration: 32 locks for 12 cores
OBSERVER_COST_PREFLIGHT condition=absent query=equality classPresent=false providerCount=0 business=PASS
603.381 us/op
# Warmup Iteration   2: 311.354 us/op
# Warmup Iteration   3: 243.885 us/op
# Warmup Iteration   4: 216.344 us/op
# Warmup Iteration   5: 205.251 us/op
Iteration   1: 192.228 us/op
                 gc.alloc.rate:      304.555 MB/sec
                 gc.alloc.rate.norm: 61393.839 B/op
                 gc.count:           1.000 counts
                 gc.time:            4.000 ms

Iteration   2: 195.178 us/op
                 gc.alloc.rate:      295.856 MB/sec
                 gc.alloc.rate.norm: 60555.687 B/op
                 gc.count:           1.000 counts
                 gc.time:            5.000 ms

Iteration   3: 209.022 us/op
                 gc.alloc.rate:      274.628 MB/sec
                 gc.alloc.rate.norm: 60201.443 B/op
                 gc.count:           1.000 counts
                 gc.time:            4.000 ms

Iteration   4: 190.462 us/op
                 gc.alloc.rate:      301.403 MB/sec
                 gc.alloc.rate.norm: 60201.317 B/op
                 gc.count:           1.000 counts
                 gc.time:            5.000 ms

Iteration   5: 183.756 us/op
                 gc.alloc.rate:      206.688 MB/sec
                 gc.alloc.rate.norm: 60288.762 B/op
                 gc.count:           1.000 counts
                 gc.time:            4.000 ms



Result "io.github.ym0506.routecontract.examples.firstproject.ObserverCostBenchmark.queryAndAssert":
  194.129 ±(99.9%) 35.893 us/op [Average]
  (min, avg, max) = (183.756, 194.129, 209.022), stdev = 9.321
  CI (99.9%): [158.236, 230.022] (assumes normal distribution)

Secondary result "io.github.ym0506.routecontract.examples.firstproject.ObserverCostBenchmark.queryAndAssert:gc.alloc.rate":
  276.626 ±(99.9%) 157.112 MB/sec [Average]
  (min, avg, max) = (206.688, 276.626, 304.555), stdev = 40.801
  CI (99.9%): [119.515, 433.738] (assumes normal distribution)

Secondary result "io.github.ym0506.routecontract.examples.firstproject.ObserverCostBenchmark.queryAndAssert:gc.alloc.rate.norm":
  60528.210 ±(99.9%) 1945.471 B/op [Average]
  (min, avg, max) = (60201.317, 60528.210, 61393.839), stdev = 505.233
  CI (99.9%): [58582.739, 62473.680] (assumes normal distribution)

Secondary result "io.github.ym0506.routecontract.examples.firstproject.ObserverCostBenchmark.queryAndAssert:gc.count":
  5.000 ±(99.9%) 0.001 counts [Sum]
  (min, avg, max) = (1.000, 1.000, 1.000), stdev = 0.001
  CI (99.9%): [5.000, 5.000] (assumes normal distribution)

Secondary result "io.github.ym0506.routecontract.examples.firstproject.ObserverCostBenchmark.queryAndAssert:gc.time":
  22.000 ±(99.9%) 0.001 ms [Sum]
  (min, avg, max) = (4.000, 4.400, 5.000), stdev = 0.548
  CI (99.9%): [22.000, 22.000] (assumes normal distribution)


# JMH version: 1.37
# VM version: JDK 17.0.15, OpenJDK 64-Bit Server VM, 17.0.15+0
# VM invoker: /opt/homebrew/Cellar/openjdk@17/17.0.15/libexec/openjdk.jdk/Contents/Home/bin/java
# VM options: -Xms512m -Xmx512m -Dapi.version=1.44 -Dorg.slf4j.simpleLogger.defaultLogLevel=warn
# Blackhole mode: compiler (auto-detected, use -Djmh.blackhole.autoDetect=false to disable)
# Warmup: 5 iterations, 1 s each
# Measurement: 5 iterations, 1 s each
# Timeout: 10 min per iteration
# Threads: 1 thread, will synchronize iterations
# Benchmark mode: Average time, time/op
# Benchmark: io.github.ym0506.routecontract.examples.firstproject.ObserverCostBenchmark.queryAndAssert
# Parameters: (condition = absent, query = range)

# Run progress: 50.00% complete, ETA 00:00:20
# Fork: 1 of 1
# Warmup Iteration   1: [INFO] MultiKeyMap stripe configuration: 32 locks for 12 cores
OBSERVER_COST_PREFLIGHT condition=absent query=range classPresent=false providerCount=0 business=PASS
713.352 us/op
# Warmup Iteration   2: 402.315 us/op
# Warmup Iteration   3: 319.319 us/op
# Warmup Iteration   4: 303.478 us/op
# Warmup Iteration   5: 301.290 us/op
Iteration   1: 279.268 us/op
                 gc.alloc.rate:      239.935 MB/sec
                 gc.alloc.rate.norm: 70270.854 B/op
                 gc.count:           ≈ 0 counts

Iteration   2: 252.852 us/op
                 gc.alloc.rate:      260.048 MB/sec
                 gc.alloc.rate.norm: 68953.312 B/op
                 gc.count:           1.000 counts
                 gc.time:            4.000 ms

Iteration   3: 247.553 us/op
                 gc.alloc.rate:      264.035 MB/sec
                 gc.alloc.rate.norm: 68542.777 B/op
                 gc.count:           1.000 counts
                 gc.time:            4.000 ms

Iteration   4: 264.380 us/op
                 gc.alloc.rate:      247.229 MB/sec
                 gc.alloc.rate.norm: 68544.626 B/op
                 gc.count:           1.000 counts
                 gc.time:            4.000 ms

Iteration   5: 237.321 us/op
                 gc.alloc.rate:      183.252 MB/sec
                 gc.alloc.rate.norm: 68656.889 B/op
                 gc.count:           1.000 counts
                 gc.time:            4.000 ms



Result "io.github.ym0506.routecontract.examples.firstproject.ObserverCostBenchmark.queryAndAssert":
  256.275 ±(99.9%) 62.132 us/op [Average]
  (min, avg, max) = (237.321, 256.275, 279.268), stdev = 16.136
  CI (99.9%): [194.142, 318.407] (assumes normal distribution)

Secondary result "io.github.ym0506.routecontract.examples.firstproject.ObserverCostBenchmark.queryAndAssert:gc.alloc.rate":
  238.900 ±(99.9%) 125.459 MB/sec [Average]
  (min, avg, max) = (183.252, 238.900, 264.035), stdev = 32.581
  CI (99.9%): [113.440, 364.359] (assumes normal distribution)

Secondary result "io.github.ym0506.routecontract.examples.firstproject.ObserverCostBenchmark.queryAndAssert:gc.alloc.rate.norm":
  68993.692 ±(99.9%) 2823.861 B/op [Average]
  (min, avg, max) = (68542.777, 68993.692, 70270.854), stdev = 733.348
  CI (99.9%): [66169.831, 71817.552] (assumes normal distribution)

Secondary result "io.github.ym0506.routecontract.examples.firstproject.ObserverCostBenchmark.queryAndAssert:gc.count":
  4.000 ±(99.9%) 0.001 counts [Sum]
  (min, avg, max) = (≈ 0, 0.800, 1.000), stdev = 0.447
  CI (99.9%): [4.000, 4.000] (assumes normal distribution)

Secondary result "io.github.ym0506.routecontract.examples.firstproject.ObserverCostBenchmark.queryAndAssert:gc.time":
  16.000 ±(99.9%) 0.001 ms [Sum]
  (min, avg, max) = (≈ 0, 3.200, 4.000), stdev = 1.789
  CI (99.9%): [16.000, 16.000] (assumes normal distribution)


# Run complete. Total time: 00:00:40

REMEMBER: The numbers below are just data. To gain reusable insights, you need to follow up on
why the numbers are the way they are. Use profilers (see -prof, -lprof), design factorial
experiments, perform baseline and negative tests that provide experimental control, make sure
the benchmarking environment is safe on JVM/OS/HW level, ask for reviews from the domain experts.
Do not assume the numbers tell you what you want them to tell.

NOTE: Current JVM experimentally supports Compiler Blackholes, and they are in use. Please exercise
extra caution when trusting the results, look into the generated code to check the benchmark still
works, and factor in a small probability of new VM bugs. Additionally, while comparisons between
different JVMs are already problematic, the performance difference caused by different Blackhole
modes can be very significant. Please make sure you use the consistent Blackhole mode for comparisons.

Benchmark                                                (condition)   (query)  Mode  Cnt      Score      Error   Units
ObserverCostBenchmark.queryAndAssert                          absent  equality  avgt    5    194.129 ±   35.893   us/op
ObserverCostBenchmark.queryAndAssert:gc.alloc.rate            absent  equality  avgt    5    276.626 ±  157.112  MB/sec
ObserverCostBenchmark.queryAndAssert:gc.alloc.rate.norm       absent  equality  avgt    5  60528.210 ± 1945.471    B/op
ObserverCostBenchmark.queryAndAssert:gc.count                 absent  equality  avgt    5      5.000             counts
ObserverCostBenchmark.queryAndAssert:gc.time                  absent  equality  avgt    5     22.000                 ms
ObserverCostBenchmark.queryAndAssert                          absent     range  avgt    5    256.275 ±   62.132   us/op
ObserverCostBenchmark.queryAndAssert:gc.alloc.rate            absent     range  avgt    5    238.900 ±  125.459  MB/sec
ObserverCostBenchmark.queryAndAssert:gc.alloc.rate.norm       absent     range  avgt    5  68993.692 ± 2823.861    B/op
ObserverCostBenchmark.queryAndAssert:gc.count                 absent     range  avgt    5      4.000             counts
ObserverCostBenchmark.queryAndAssert:gc.time                  absent     range  avgt    5     16.000                 ms

Benchmark result is saved to /private/tmp/routecontract-observer-cost-full-20260909/block-2-absent.json
