# JMH version: 1.37
# VM version: JDK 17.0.15, OpenJDK 64-Bit Server VM, 17.0.15+0
# VM invoker: /opt/homebrew/Cellar/openjdk@17/17.0.15/libexec/openjdk.jdk/Contents/Home/bin/java
# VM options: -Xms512m -Xmx512m -Dapi.version=1.44 -Dorg.slf4j.simpleLogger.defaultLogLevel=warn
# Blackhole mode: compiler (auto-detected, use -Djmh.blackhole.autoDetect=false to disable)
# Warmup: 5 iterations, 1 s each
# Measurement: 5 iterations, 1 s each
# Timeout: 10 min per iteration
# Threads: 1 thread, will synchronize iterations
# Benchmark mode: Average time, time/op
# Benchmark: io.github.ym0506.routecontract.examples.firstproject.ObserverCostBenchmark.queryAndAssert
# Parameters: (condition = checked, query = equality)

# Run progress: 0.00% complete, ETA 00:00:20
# Fork: 1 of 1
# Warmup Iteration   1: [INFO] MultiKeyMap stripe configuration: 32 locks for 12 cores
OBSERVER_COST_PREFLIGHT condition=checked query=equality classPresent=true providerCount=1 business=PASS
686.543 us/op
# Warmup Iteration   2: 338.648 us/op
# Warmup Iteration   3: 253.485 us/op
# Warmup Iteration   4: 234.080 us/op
# Warmup Iteration   5: 226.351 us/op
Iteration   1: 208.734 us/op
                 gc.alloc.rate:      301.471 MB/sec
                 gc.alloc.rate.norm: 65989.882 B/op
                 gc.count:           1.000 counts
                 gc.time:            3.000 ms

Iteration   2: 201.177 us/op
                 gc.alloc.rate:      308.692 MB/sec
                 gc.alloc.rate.norm: 65125.734 B/op
                 gc.count:           1.000 counts
                 gc.time:            3.000 ms

Iteration   3: 185.489 us/op
                 gc.alloc.rate:      331.414 MB/sec
                 gc.alloc.rate.norm: 64465.610 B/op
                 gc.count:           1.000 counts
                 gc.time:            3.000 ms

Iteration   4: 180.499 us/op
                 gc.alloc.rate:      339.599 MB/sec
                 gc.alloc.rate.norm: 64281.238 B/op
                 gc.count:           1.000 counts
                 gc.time:            3.000 ms

Iteration   5: 189.113 us/op
                 gc.alloc.rate:      221.899 MB/sec
                 gc.alloc.rate.norm: 64371.635 B/op
                 gc.count:           1.000 counts
                 gc.time:            3.000 ms



Result "io.github.ym0506.routecontract.examples.firstproject.ObserverCostBenchmark.queryAndAssert":
  193.002 ±(99.9%) 44.832 us/op [Average]
  (min, avg, max) = (180.499, 193.002, 208.734), stdev = 11.643
  CI (99.9%): [148.171, 237.834] (assumes normal distribution)

Secondary result "io.github.ym0506.routecontract.examples.firstproject.ObserverCostBenchmark.queryAndAssert:gc.alloc.rate":
  300.615 ±(99.9%) 179.897 MB/sec [Average]
  (min, avg, max) = (221.899, 300.615, 339.599), stdev = 46.719
  CI (99.9%): [120.718, 480.512] (assumes normal distribution)

Secondary result "io.github.ym0506.routecontract.examples.firstproject.ObserverCostBenchmark.queryAndAssert:gc.alloc.rate.norm":
  64846.820 ±(99.9%) 2773.659 B/op [Average]
  (min, avg, max) = (64281.238, 64846.820, 65989.882), stdev = 720.310
  CI (99.9%): [62073.161, 67620.479] (assumes normal distribution)

Secondary result "io.github.ym0506.routecontract.examples.firstproject.ObserverCostBenchmark.queryAndAssert:gc.count":
  5.000 ±(99.9%) 0.001 counts [Sum]
  (min, avg, max) = (1.000, 1.000, 1.000), stdev = 0.001
  CI (99.9%): [5.000, 5.000] (assumes normal distribution)

Secondary result "io.github.ym0506.routecontract.examples.firstproject.ObserverCostBenchmark.queryAndAssert:gc.time":
  15.000 ±(99.9%) 0.001 ms [Sum]
  (min, avg, max) = (3.000, 3.000, 3.000), stdev = 0.001
  CI (99.9%): [15.000, 15.000] (assumes normal distribution)


# JMH version: 1.37
# VM version: JDK 17.0.15, OpenJDK 64-Bit Server VM, 17.0.15+0
# VM invoker: /opt/homebrew/Cellar/openjdk@17/17.0.15/libexec/openjdk.jdk/Contents/Home/bin/java
# VM options: -Xms512m -Xmx512m -Dapi.version=1.44 -Dorg.slf4j.simpleLogger.defaultLogLevel=warn
# Blackhole mode: compiler (auto-detected, use -Djmh.blackhole.autoDetect=false to disable)
# Warmup: 5 iterations, 1 s each
# Measurement: 5 iterations, 1 s each
# Timeout: 10 min per iteration
# Threads: 1 thread, will synchronize iterations
# Benchmark mode: Average time, time/op
# Benchmark: io.github.ym0506.routecontract.examples.firstproject.ObserverCostBenchmark.queryAndAssert
# Parameters: (condition = checked, query = range)

# Run progress: 50.00% complete, ETA 00:00:20
# Fork: 1 of 1
# Warmup Iteration   1: [INFO] MultiKeyMap stripe configuration: 32 locks for 12 cores
OBSERVER_COST_PREFLIGHT condition=checked query=range classPresent=true providerCount=1 business=PASS
854.778 us/op
# Warmup Iteration   2: 420.809 us/op
# Warmup Iteration   3: 364.903 us/op
# Warmup Iteration   4: 347.180 us/op
# Warmup Iteration   5: 296.167 us/op
Iteration   1: 282.597 us/op
                 gc.alloc.rate:      268.545 MB/sec
                 gc.alloc.rate.norm: 79582.119 B/op
                 gc.count:           1.000 counts
                 gc.time:            5.000 ms

Iteration   2: 343.241 us/op
                 gc.alloc.rate:      219.716 MB/sec
                 gc.alloc.rate.norm: 79085.879 B/op
                 gc.count:           ≈ 0 counts

Iteration   3: 288.766 us/op
                 gc.alloc.rate:      259.502 MB/sec
                 gc.alloc.rate.norm: 78584.598 B/op
                 gc.count:           1.000 counts
                 gc.time:            5.000 ms

Iteration   4: 285.097 us/op
                 gc.alloc.rate:      259.859 MB/sec
                 gc.alloc.rate.norm: 77691.306 B/op
                 gc.count:           1.000 counts
                 gc.time:            4.000 ms

Iteration   5: 256.159 us/op
                 gc.alloc.rate:      194.725 MB/sec
                 gc.alloc.rate.norm: 77450.992 B/op
                 gc.count:           1.000 counts
                 gc.time:            4.000 ms



Result "io.github.ym0506.routecontract.examples.firstproject.ObserverCostBenchmark.queryAndAssert":
  291.172 ±(99.9%) 122.577 us/op [Average]
  (min, avg, max) = (256.159, 291.172, 343.241), stdev = 31.833
  CI (99.9%): [168.595, 413.749] (assumes normal distribution)

Secondary result "io.github.ym0506.routecontract.examples.firstproject.ObserverCostBenchmark.queryAndAssert:gc.alloc.rate":
  240.469 ±(99.9%) 122.522 MB/sec [Average]
  (min, avg, max) = (194.725, 240.469, 268.545), stdev = 31.819
  CI (99.9%): [117.947, 362.991] (assumes normal distribution)

Secondary result "io.github.ym0506.routecontract.examples.firstproject.ObserverCostBenchmark.queryAndAssert:gc.alloc.rate.norm":
  78478.979 ±(99.9%) 3483.496 B/op [Average]
  (min, avg, max) = (77450.992, 78478.979, 79582.119), stdev = 904.653
  CI (99.9%): [74995.483, 81962.475] (assumes normal distribution)

Secondary result "io.github.ym0506.routecontract.examples.firstproject.ObserverCostBenchmark.queryAndAssert:gc.count":
  4.000 ±(99.9%) 0.001 counts [Sum]
  (min, avg, max) = (≈ 0, 0.800, 1.000), stdev = 0.447
  CI (99.9%): [4.000, 4.000] (assumes normal distribution)

Secondary result "io.github.ym0506.routecontract.examples.firstproject.ObserverCostBenchmark.queryAndAssert:gc.time":
  18.000 ±(99.9%) 0.001 ms [Sum]
  (min, avg, max) = (≈ 0, 3.600, 5.000), stdev = 2.074
  CI (99.9%): [18.000, 18.000] (assumes normal distribution)


# Run complete. Total time: 00:00:41

REMEMBER: The numbers below are just data. To gain reusable insights, you need to follow up on
why the numbers are the way they are. Use profilers (see -prof, -lprof), design factorial
experiments, perform baseline and negative tests that provide experimental control, make sure
the benchmarking environment is safe on JVM/OS/HW level, ask for reviews from the domain experts.
Do not assume the numbers tell you what you want them to tell.

NOTE: Current JVM experimentally supports Compiler Blackholes, and they are in use. Please exercise
extra caution when trusting the results, look into the generated code to check the benchmark still
works, and factor in a small probability of new VM bugs. Additionally, while comparisons between
different JVMs are already problematic, the performance difference caused by different Blackhole
modes can be very significant. Please make sure you use the consistent Blackhole mode for comparisons.

Benchmark                                                (condition)   (query)  Mode  Cnt      Score      Error   Units
ObserverCostBenchmark.queryAndAssert                         checked  equality  avgt    5    193.002 ±   44.832   us/op
ObserverCostBenchmark.queryAndAssert:gc.alloc.rate           checked  equality  avgt    5    300.615 ±  179.897  MB/sec
ObserverCostBenchmark.queryAndAssert:gc.alloc.rate.norm      checked  equality  avgt    5  64846.820 ± 2773.659    B/op
ObserverCostBenchmark.queryAndAssert:gc.count                checked  equality  avgt    5      5.000             counts
ObserverCostBenchmark.queryAndAssert:gc.time                 checked  equality  avgt    5     15.000                 ms
ObserverCostBenchmark.queryAndAssert                         checked     range  avgt    5    291.172 ±  122.577   us/op
ObserverCostBenchmark.queryAndAssert:gc.alloc.rate           checked     range  avgt    5    240.469 ±  122.522  MB/sec
ObserverCostBenchmark.queryAndAssert:gc.alloc.rate.norm      checked     range  avgt    5  78478.979 ± 3483.496    B/op
ObserverCostBenchmark.queryAndAssert:gc.count                checked     range  avgt    5      4.000             counts
ObserverCostBenchmark.queryAndAssert:gc.time                 checked     range  avgt    5     18.000                 ms

Benchmark result is saved to /private/tmp/routecontract-observer-cost-full-20260909/block-1-checked.json
