# JMH version: 1.37
# VM version: JDK 17.0.15, OpenJDK 64-Bit Server VM, 17.0.15+0
# VM invoker: /opt/homebrew/Cellar/openjdk@17/17.0.15/libexec/openjdk.jdk/Contents/Home/bin/java
# VM options: -Xms512m -Xmx512m -Dapi.version=1.44 -Dorg.slf4j.simpleLogger.defaultLogLevel=warn
# Blackhole mode: compiler (auto-detected, use -Djmh.blackhole.autoDetect=false to disable)
# Warmup: 5 iterations, 1 s each
# Measurement: 5 iterations, 1 s each
# Timeout: 10 min per iteration
# Threads: 1 thread, will synchronize iterations
# Benchmark mode: Average time, time/op
# Benchmark: io.github.ym0506.routecontract.examples.firstproject.ObserverCostBenchmark.queryAndAssert
# Parameters: (condition = checked, query = equality)

# Run progress: 0.00% complete, ETA 00:00:20
# Fork: 1 of 1
# Warmup Iteration   1: [INFO] MultiKeyMap stripe configuration: 32 locks for 12 cores
OBSERVER_COST_PREFLIGHT condition=checked query=equality classPresent=true providerCount=1 business=PASS
639.189 us/op
# Warmup Iteration   2: 343.363 us/op
# Warmup Iteration   3: 265.756 us/op
# Warmup Iteration   4: 239.347 us/op
# Warmup Iteration   5: 226.794 us/op
Iteration   1: 210.950 us/op
                 gc.alloc.rate:      300.203 MB/sec
                 gc.alloc.rate.norm: 66409.529 B/op
                 gc.count:           2.000 counts
                 gc.time:            7.000 ms

Iteration   2: 203.342 us/op
                 gc.alloc.rate:      306.216 MB/sec
                 gc.alloc.rate.norm: 65297.528 B/op
                 gc.count:           1.000 counts
                 gc.time:            3.000 ms

Iteration   3: 188.794 us/op
                 gc.alloc.rate:      325.759 MB/sec
                 gc.alloc.rate.norm: 64495.684 B/op
                 gc.count:           1.000 counts
                 gc.time:            3.000 ms

Iteration   4: 181.827 us/op
                 gc.alloc.rate:      338.043 MB/sec
                 gc.alloc.rate.norm: 64457.248 B/op
                 gc.count:           1.000 counts
                 gc.time:            3.000 ms

Iteration   5: 182.061 us/op
                 gc.alloc.rate:      228.249 MB/sec
                 gc.alloc.rate.norm: 64544.574 B/op
                 gc.count:           1.000 counts
                 gc.time:            3.000 ms



Result "io.github.ym0506.routecontract.examples.firstproject.ObserverCostBenchmark.queryAndAssert":
  193.395 ±(99.9%) 50.594 us/op [Average]
  (min, avg, max) = (181.827, 193.395, 210.950), stdev = 13.139
  CI (99.9%): [142.801, 243.989] (assumes normal distribution)

Secondary result "io.github.ym0506.routecontract.examples.firstproject.ObserverCostBenchmark.queryAndAssert:gc.alloc.rate":
  299.694 ±(99.9%) 164.469 MB/sec [Average]
  (min, avg, max) = (228.249, 299.694, 338.043), stdev = 42.712
  CI (99.9%): [135.225, 464.163] (assumes normal distribution)

Secondary result "io.github.ym0506.routecontract.examples.firstproject.ObserverCostBenchmark.queryAndAssert:gc.alloc.rate.norm":
  65040.913 ±(99.9%) 3235.031 B/op [Average]
  (min, avg, max) = (64457.248, 65040.913, 66409.529), stdev = 840.127
  CI (99.9%): [61805.882, 68275.943] (assumes normal distribution)

Secondary result "io.github.ym0506.routecontract.examples.firstproject.ObserverCostBenchmark.queryAndAssert:gc.count":
  6.000 ±(99.9%) 0.001 counts [Sum]
  (min, avg, max) = (1.000, 1.200, 2.000), stdev = 0.447
  CI (99.9%): [6.000, 6.000] (assumes normal distribution)

Secondary result "io.github.ym0506.routecontract.examples.firstproject.ObserverCostBenchmark.queryAndAssert:gc.time":
  19.000 ±(99.9%) 0.001 ms [Sum]
  (min, avg, max) = (3.000, 3.800, 7.000), stdev = 1.789
  CI (99.9%): [19.000, 19.000] (assumes normal distribution)


# JMH version: 1.37
# VM version: JDK 17.0.15, OpenJDK 64-Bit Server VM, 17.0.15+0
# VM invoker: /opt/homebrew/Cellar/openjdk@17/17.0.15/libexec/openjdk.jdk/Contents/Home/bin/java
# VM options: -Xms512m -Xmx512m -Dapi.version=1.44 -Dorg.slf4j.simpleLogger.defaultLogLevel=warn
# Blackhole mode: compiler (auto-detected, use -Djmh.blackhole.autoDetect=false to disable)
# Warmup: 5 iterations, 1 s each
# Measurement: 5 iterations, 1 s each
# Timeout: 10 min per iteration
# Threads: 1 thread, will synchronize iterations
# Benchmark mode: Average time, time/op
# Benchmark: io.github.ym0506.routecontract.examples.firstproject.ObserverCostBenchmark.queryAndAssert
# Parameters: (condition = checked, query = range)

# Run progress: 50.00% complete, ETA 00:00:20
# Fork: 1 of 1
# Warmup Iteration   1: [INFO] MultiKeyMap stripe configuration: 32 locks for 12 cores
OBSERVER_COST_PREFLIGHT condition=checked query=range classPresent=true providerCount=1 business=PASS
829.436 us/op
# Warmup Iteration   2: 436.131 us/op
# Warmup Iteration   3: 341.594 us/op
# Warmup Iteration   4: 316.311 us/op
# Warmup Iteration   5: 298.962 us/op
Iteration   1: 301.190 us/op
                 gc.alloc.rate:      251.735 MB/sec
                 gc.alloc.rate.norm: 79509.323 B/op
                 gc.count:           1.000 counts
                 gc.time:            4.000 ms

Iteration   2: 305.443 us/op
                 gc.alloc.rate:      246.431 MB/sec
                 gc.alloc.rate.norm: 78934.491 B/op
                 gc.count:           1.000 counts
                 gc.time:            4.000 ms

Iteration   3: 293.902 us/op
                 gc.alloc.rate:      253.650 MB/sec
                 gc.alloc.rate.norm: 78177.740 B/op
                 gc.count:           ≈ 0 counts

Iteration   4: 278.549 us/op
                 gc.alloc.rate:      266.081 MB/sec
                 gc.alloc.rate.norm: 77724.917 B/op
                 gc.count:           1.000 counts
                 gc.time:            4.000 ms

Iteration   5: 256.467 us/op
                 gc.alloc.rate:      188.460 MB/sec
                 gc.alloc.rate.norm: 77517.180 B/op
                 gc.count:           1.000 counts
                 gc.time:            4.000 ms



Result "io.github.ym0506.routecontract.examples.firstproject.ObserverCostBenchmark.queryAndAssert":
  287.110 ±(99.9%) 76.838 us/op [Average]
  (min, avg, max) = (256.467, 287.110, 305.443), stdev = 19.955
  CI (99.9%): [210.272, 363.949] (assumes normal distribution)

Secondary result "io.github.ym0506.routecontract.examples.firstproject.ObserverCostBenchmark.queryAndAssert:gc.alloc.rate":
  241.271 ±(99.9%) 117.017 MB/sec [Average]
  (min, avg, max) = (188.460, 241.271, 266.081), stdev = 30.389
  CI (99.9%): [124.255, 358.288] (assumes normal distribution)

Secondary result "io.github.ym0506.routecontract.examples.firstproject.ObserverCostBenchmark.queryAndAssert:gc.alloc.rate.norm":
  78372.730 ±(99.9%) 3219.993 B/op [Average]
  (min, avg, max) = (77517.180, 78372.730, 79509.323), stdev = 836.222
  CI (99.9%): [75152.737, 81592.723] (assumes normal distribution)

Secondary result "io.github.ym0506.routecontract.examples.firstproject.ObserverCostBenchmark.queryAndAssert:gc.count":
  4.000 ±(99.9%) 0.001 counts [Sum]
  (min, avg, max) = (≈ 0, 0.800, 1.000), stdev = 0.447
  CI (99.9%): [4.000, 4.000] (assumes normal distribution)

Secondary result "io.github.ym0506.routecontract.examples.firstproject.ObserverCostBenchmark.queryAndAssert:gc.time":
  16.000 ±(99.9%) 0.001 ms [Sum]
  (min, avg, max) = (≈ 0, 3.200, 4.000), stdev = 1.789
  CI (99.9%): [16.000, 16.000] (assumes normal distribution)


# Run complete. Total time: 00:00:40

REMEMBER: The numbers below are just data. To gain reusable insights, you need to follow up on
why the numbers are the way they are. Use profilers (see -prof, -lprof), design factorial
experiments, perform baseline and negative tests that provide experimental control, make sure
the benchmarking environment is safe on JVM/OS/HW level, ask for reviews from the domain experts.
Do not assume the numbers tell you what you want them to tell.

NOTE: Current JVM experimentally supports Compiler Blackholes, and they are in use. Please exercise
extra caution when trusting the results, look into the generated code to check the benchmark still
works, and factor in a small probability of new VM bugs. Additionally, while comparisons between
different JVMs are already problematic, the performance difference caused by different Blackhole
modes can be very significant. Please make sure you use the consistent Blackhole mode for comparisons.

Benchmark                                                (condition)   (query)  Mode  Cnt      Score      Error   Units
ObserverCostBenchmark.queryAndAssert                         checked  equality  avgt    5    193.395 ±   50.594   us/op
ObserverCostBenchmark.queryAndAssert:gc.alloc.rate           checked  equality  avgt    5    299.694 ±  164.469  MB/sec
ObserverCostBenchmark.queryAndAssert:gc.alloc.rate.norm      checked  equality  avgt    5  65040.913 ± 3235.031    B/op
ObserverCostBenchmark.queryAndAssert:gc.count                checked  equality  avgt    5      6.000             counts
ObserverCostBenchmark.queryAndAssert:gc.time                 checked  equality  avgt    5     19.000                 ms
ObserverCostBenchmark.queryAndAssert                         checked     range  avgt    5    287.110 ±   76.838   us/op
ObserverCostBenchmark.queryAndAssert:gc.alloc.rate           checked     range  avgt    5    241.271 ±  117.017  MB/sec
ObserverCostBenchmark.queryAndAssert:gc.alloc.rate.norm      checked     range  avgt    5  78372.730 ± 3219.993    B/op
ObserverCostBenchmark.queryAndAssert:gc.count                checked     range  avgt    5      4.000             counts
ObserverCostBenchmark.queryAndAssert:gc.time                 checked     range  avgt    5     16.000                 ms

Benchmark result is saved to /private/tmp/routecontract-observer-cost-full-20260909/block-2-checked.json
